{
  "documentNumber": "10000",
  "consumer": "Marko Boikov Tsvetkov",
  "reference": "1",
  "totalAmount": 74.73,
  "lines": [
    {
      "index": 1,
      "quantity": 67.251,
      "lineStart": "2021-01-01T09:00:00Z",
      "lineEnd": "2021-02-28T21:59:59Z",
      "product": "gas",
      "price": 0.7,
      "priceList": 1,
      "amount": 47.08
    },
    {
      "index": 2,
      "quantity": 19.749,
      "lineStart": "2021-02-28T22:00:00Z",
      "lineEnd": "2021-03-17T10:20:00Z",
      "product": "gas",
      "price": 1.4,
      "priceList": 1,
      "amount": 27.65
    }
  ]
}