{
  "documentNumber": "10002",
  "consumer": "Kosena Assenova Vankova",
  "reference": "3",
  "totalAmount": 350.07,
  "lines": [
    {
      "index": 1,
      "quantity": 371.908,
      "lineStart": "2021-01-01T14:40:00Z",
      "lineEnd": "2021-02-28T21:59:59Z",
      "product": "gas",
      "price": 0.7,
      "priceList": 1,
      "amount": 260.34
    },
    {
      "index": 2,
      "quantity": 64.092,
      "lineStart": "2021-02-28T22:00:00Z",
      "lineEnd": "2021-03-11T07:00:00Z",
      "product": "gas",
      "price": 1.4,
      "priceList": 1,
      "amount": 89.73
    }
  ]
}