{
    "documentDate": "2022-09-12T13:39:20.464380300",
    "documentNumber": "10002",
    "consumer": "Ludmil Aleksandrov Iliev",
    "reference": "2",
    "totalAmount": "522.07 EUR",
    "totalAmountWithVat": "768.2340 EUR",
    "lines": [
        {
            "index": 1,
            "quantity": 152,
            "lineStart": "2021-01-01T08:00:00Z",
            "lineEnd": "2021-03-25T13:40:00Z",
            "product": "gas",
            "price": 1.8,
            "priceList": 1,
            "amount": "139.89 EUR"
        },
        {
            "index": 2,
            "quantity": 152,
            "lineStart": "2021-01-01T08:00:00Z",
            "lineEnd": "2021-03-25T13:40:00Z",
            "product": "gas",
            "price": 1.5,
            "priceList": 1,
            "amount": "116.58 EUR"
        }
    ],
    "taxes": [
        {
            "index": 1,
            "lines": 1,
            "name": "Standing charge",
            "quantity": 83,
            "unit": "days",
            "price": 1.6,
            "amount": "67.90 EUR"
        },
        {
            "index": 2,
            "lines": 2,
            "name": "Standing charge",
            "quantity": 83,
            "unit": "days",
            "price": 1.6,
            "amount": "67.90 EUR"
        }
    ],
    "vat": [
        {
            "index": 1,
            "lines": 1,
            "taxes": 0,
            "taxedAmountPercentage": 60,
            "percentage": 20,
            "amount": "16.79 EUR"
        },
        {
            "index": 2,
            "lines": 1,
            "taxes": 0,
            "taxedAmountPercentage": 40,
            "percentage": 10,
            "amount": "5.60 EUR"
        },
        {
            "index": 3,
            "lines": 0,
            "taxes": 1,
            "taxedAmountPercentage": 100,
            "percentage": 20,
            "amount": "13.58 EUR"
        },
        {
            "index": 1,
            "lines": 2,
            "taxes": 0,
            "taxedAmountPercentage": 60,
            "percentage": 20,
            "amount": "13.99 EUR"
        },
        {
            "index": 2,
            "lines": 2,
            "taxes": 0,
            "taxedAmountPercentage": 40,
            "percentage": 10,
            "amount": "4.66 EUR"
        },
        {
            "index": 3,
            "lines": 0,
            "taxes": 2,
            "taxedAmountPercentage": 100,
            "percentage": 20,
            "amount": "13.58 EUR"
        }
    ]
}