{
  "documentNumber": "10001",
  "consumer": "Ludmil Aleksandrov Ilev",
  "reference": "2",
  "totalAmount": 273.6,
  "lines": [
    {
      "index": 1,
      "quantity":152,
      "lineStart": "2021-01-01T08:00:00Z",
      "lineEnd": "2021-03-25T13:40:00Z",
      "product": "gas",
      "price": 1.8,
      "priceList": 1,
      "amount": 273.6
    }
  ]
}