{
  "documentNumber": "10001",
  "consumer": "Ludmil Aleksandrov Ilev",
  "reference": "2",
  "totalAmount": 243.81,
  "lines": [
    {
      "index": 1,
      "quantity": 106.248,
      "lineStart": "2021-01-01T08:00:00Z",
      "lineEnd": "2021-02-28T21:59:59Z",
      "product": "gas",
      "price": 0.4,
      "priceList": 2,
      "amount": 42.5
    },
    {
      "index": 2,
      "quantity": 45.752,
      "lineStart": "2021-02-28T22:00:00Z",
      "lineEnd": "2021-03-25T13:40:00Z",
      "product": "gas",
      "price": 4.4,
      "priceList": 2,
      "amount": 201.31
    }
  ]
}