{
  "documentNumber": "10001",
  "consumer": "Ludmil Aleksandrov Ilev",
  "reference": "2",
  "totalAmount": 273.6,
  "lines": [
    {
      "index": 1,
      "quantity": 367.55,
      "lineStart": "2021-01-01Ð¢14:40:00Z",
      "lineEnd": "2021-02-28T20:59:59Z",
      "product": "gas",
      "price": 0.7,
      "priceList": 1,
      "amount": 257.29
    },
    {
      "index": 2,
      "quantity": 68.45,
      "lineStart": "2021-02-28T20:59:59Z",
      "lineEnd": "2021-03-11T07:00:00Z",
      "product": "gas",
      "price": 1.4,
      "priceList": 1,
      "amount": 95.83
    }
  ]
}