{
    "documentDate": "2022-08-09T11:03:27.637668200",
    "documentNumber": "10002",
    "consumer": "Kosena Assenova Vankova",
    "reference": "3",
    "totalAmount": 784.8,
    "lines": [{
        "index": 1,
        "quantity": 436,
        "lineStart": "2021-01-01T14:40:00Z",
        "lineEnd": "2021-03-11T07:00:00Z",
        "product": "gas",
        "price": 1.8,
        "priceList": 1,
        "amount": 784.8
    }]
}